#-----------------------------------------------------------
# Vivado v2024.2 (64-bit)
# SW Build 5239630 on Fri Nov 08 22:35:27 MST 2024
# IP Build 5239520 on Sun Nov 10 16:12:51 MST 2024
# SharedData Build 5239561 on Fri Nov 08 14:39:27 MST 2024
# Start of session at: Mon Jul 21 14:36:02 2025
# Process ID         : 6820
# Current directory  : C:/Users/LeeladithyaSagar/Desktop/Mini_Project/AES_Decryption
# Command line       : vivado.exe -gui_launcher_event rodinguilauncherevent3168 C:\Users\LeeladithyaSagar\Desktop\Mini_Project\AES_Decryption\AES_Decryption.xpr
# Log file           : C:/Users/LeeladithyaSagar/Desktop/Mini_Project/AES_Decryption/vivado.log
# Journal file       : C:/Users/LeeladithyaSagar/Desktop/Mini_Project/AES_Decryption\vivado.jou
# Running On         : DESKTOP-JFF140U
# Platform           : Windows Server 2016 or Windows 10
# Operating System   : 19045
# Processor Detail   : 11th Gen Intel(R) Core(TM) i5-1135G7 @ 2.40GHz
# CPU Frequency      : 1382 MHz
# CPU Physical cores : 4
# CPU Logical cores  : 8
# Host memory        : 8320 MB
# Swap memory        : 9663 MB
# Total Virtual      : 17983 MB
# Available Virtual  : 8170 MB
#-----------------------------------------------------------
start_gui
open_project C:/Users/LeeladithyaSagar/Desktop/Mini_Project/AES_Decryption/AES_Decryption.xpr
update_compile_order -fileset sources_1
launch_simulation
source tb_aes_decrypt.tcl
close_sim
