#-----------------------------------------------------------
# Vivado v2024.2 (64-bit)
# SW Build 5239630 on Fri Nov 08 22:35:27 MST 2024
# IP Build 5239520 on Sun Nov 10 16:12:51 MST 2024
# SharedData Build 5239561 on Fri Nov 08 14:39:27 MST 2024
# Start of session at: Wed Jul  2 18:25:05 2025
# Process ID         : 15640
# Current directory  : F:/AES_External/AES_External/AES.runs/impl_1
# Command line       : vivado.exe -log AES_Final.vdi -applog -product Vivado -messageDb vivado.pb -mode batch -source AES_Final.tcl -notrace
# Log file           : F:/AES_External/AES_External/AES.runs/impl_1/AES_Final.vdi
# Journal file       : F:/AES_External/AES_External/AES.runs/impl_1\vivado.jou
# Running On         : DESKTOP-1AGVPSV
# Platform           : Windows Server 2016 or Windows 10
# Operating System   : 26100
# Processor Detail   : AMD Ryzen 5 5500U with Radeon Graphics         
# CPU Frequency      : 2096 MHz
# CPU Physical cores : 6
# CPU Logical cores  : 12
# Host memory        : 16456 MB
# Swap memory        : 7817 MB
# Total Virtual      : 24273 MB
# Available Virtual  : 4984 MB
#-----------------------------------------------------------
source AES_Final.tcl -notrace
