#-----------------------------------------------------------
# Vivado v2024.2 (64-bit)
# SW Build 5239630 on Fri Nov 08 22:35:27 MST 2024
# IP Build 5239520 on Sun Nov 10 16:12:51 MST 2024
# SharedData Build 5239561 on Fri Nov 08 14:39:27 MST 2024
# Start of session at: Thu Jul  3 10:35:46 2025
# Process ID         : 8116
# Current directory  : C:/Users/LeeladithyaSagar/Desktop/AES_External
# Command line       : vivado.exe -gui_launcher_event rodinguilauncherevent20668 C:\Users\LeeladithyaSagar\Desktop\AES_External\AES.xpr
# Log file           : C:/Users/LeeladithyaSagar/Desktop/AES_External/vivado.log
# Journal file       : C:/Users/LeeladithyaSagar/Desktop/AES_External\vivado.jou
# Running On         : DESKTOP-JFF140U
# Platform           : Windows Server 2016 or Windows 10
# Operating System   : 19045
# Processor Detail   : 11th Gen Intel(R) Core(TM) i5-1135G7 @ 2.40GHz
# CPU Frequency      : 1382 MHz
# CPU Physical cores : 4
# CPU Logical cores  : 8
# Host memory        : 8320 MB
# Swap memory        : 12283 MB
# Total Virtual      : 20603 MB
# Available Virtual  : 7015 MB
#-----------------------------------------------------------
start_gui
open_project C:/Users/LeeladithyaSagar/Desktop/AES_External/AES.xpr
update_compile_order -fileset sources_1
open_hw_manager
connect_hw_server -allow_non_jtag
close_hw_manager
launch_simulation
source tb.tcl
close_sim
